// Jest Snapshot v1, https://goo.gl/fbAQLP

exports[`ErrorMessage Component should render ErrorMessage 1`] = `
<div
  className="error"
>
  error
</div>
`;
