// Jest Snapshot v1, https://goo.gl/fbAQLP

exports[`SuccessMessage Component should render SuccessMessage 1`] = `
<div
  className="success"
>
  success
</div>
`;
